{"item_id":"396410225","resolved_id":"396410225","given_url":"https://christophermeiklejohn.com/distributed/systems/2013/07/12/readings-in-distributed-systems.html","resolved_url":"http://christophermeiklejohn.com/distributed/systems/2013/07/12/readings-in-distributed-systems.html","given_title":"Readings in distributed systems","resolved_title":"Readings in distributed systems","Favorite":"0","Status":"0","Excerpt":"This post is a work in progress.  Inspired by a recent purchase of the Red Book, which provides a curated list of important papers around database systems, Iâ€™ve decided to begin assembling a list of important papers in distributed systems.","is_article":"1","has_image":"0","has_video":"0","word_count":"711","Tags":null,"Authors":null,"Images":null,"Videos":null,"sort_id":0,"time_added":"1456333705","time_updated":"1525253803","time_read":"0","time_favorited":"0"}